// Jest Snapshot v1, https://goo.gl/fbAQLP

exports[`<AddToCart /> renders and matches the snapshot 1`] = `
<button
  disabled={false}
  onClick={[Function]}
>
  Add
   To Cart ðŸ›’
</button>
`;

exports[`<AddToCart/> renders and matches the snap shot 1`] = `
<button
  disabled={false}
  onClick={[Function]}
>
  Add
   To Cart ðŸ›’
</button>
`;
