// Jest Snapshot v1, https://goo.gl/fbAQLP

exports[` 1`] = `
<ItemStyles__Item>
  <Title>
    <Link
      href={
        Object {
          "pathname": "/item",
          "query": Object {
            "id": "ABX123",
          },
        }
      }
    >
      <a>
        A cool item
      </a>
    </Link>
  </Title>
  <PriceTag>
    NGNÂ 50
  </PriceTag>
  <p>
    This item is sooo cool
  </p>
  <div
    className="buttonList"
  >
    <Link
      href={
        Object {
          "pathname": "update",
          "query": Object {
            "id": "ABX123",
          },
        }
      }
    >
      <a>
        Edit
      </a>
    </Link>
    <AddToCart
      id="ABX123"
    />
    <DeleteItem
      id="ABX123"
    >
      Delete Item
    </DeleteItem>
  </div>
</ItemStyles__Item>
`;
