// Jest Snapshot v1, https://goo.gl/fbAQLP

exports[`<Nav /> renders a minimal nav when signed out 1`] = `
<ul
  className="NavStyles-sc-48t4on-0 gExVVB"
  data-test="nav"
>
  <Link
    href="/items"
  >
    <a
      href="/items"
      onClick={[Function]}
    >
      Shop
    </a>
  </Link>
  <Link
    href="signup"
  >
    <a
      href="signup"
      onClick={[Function]}
    >
      Signin
    </a>
  </Link>
</ul>
`;

exports[`<Nav /> renders the amount of items in the cart 1`] = `
<div
  className="count CartCount__Dot-rmtayp-1 htUGCE"
>
  0
</div>
`;
